// Jest Snapshot v1, https://goo.gl/fbAQLP

exports[`<BlockListContainer /> By default hasnt changed 1`] = `"<div id=\\"BlockList\\"></div>"`;
