// Jest Snapshot v1, https://goo.gl/fbAQLP

exports[`<Block /> By default hasnt changed 1`] = `"<div class=\\"block\\"><ul>Block id: default id</ul><ul>Block timestamp: 12:00:00</ul><ul>Block action count: 0</ul><br/></div>"`;
