// Jest Snapshot v1, https://goo.gl/fbAQLP

exports[`<BlockList /> By default hasnt changed 1`] = `"<div id=\\"BlockList\\"><button type=\\"button\\" class=\\"btn btn-primary btn-lg\\">Load</button></div>"`;
