// Jest Snapshot v1, https://goo.gl/fbAQLP

exports[`<App /> By default hasnt changed 1`] = `"<div class=\\"App\\"><div id=\\"BlockList\\"><button type=\\"button\\" class=\\"btn btn-primary btn-lg\\">Load</button></div></div>"`;
